// Jest Snapshot v1, https://goo.gl/fbAQLP

exports[`HomePage matches the snapshot 1`] = `
<DocumentFragment>
  <main
    class="max-w-7xl mx-auto grid grid-rows-[100px_1fr] justify-center items-center mt-20"
  >
    <div
      class="h-full flex items-center"
    >
      <h1>
        Feed
      </h1>
    </div>
    <ul
      class="flex flex-col [&_li]:not-last:mb-10"
    >
      <li
        id="b0421256-86a3-4e0a-9682-3cf5bee102e1"
      >
        <a
          href="/"
        >
          <h2>
            Admiratio facilis sonitus dolorum vinco occaecati venio.
          </h2>
        </a>
      </li>
      <li
        id="f7963e90-958e-45e9-80eb-f22eb1cceb10"
      >
        <a
          href="/"
        >
          <h2>
            Casus tam autus nobis voluntarius tyrannus.
          </h2>
        </a>
      </li>
      <li
        id="a8e41bce-e039-4ff8-bea6-798ee6f22280"
      >
        <a
          href="/"
        >
          <h2>
            A voluptatibus cotidie voluptate pecco tricesimus necessitatibus quisquam circumvenio ocer.
          </h2>
        </a>
      </li>
      <li
        id="e4137b33-d693-4187-b298-a2c38c05dd8d"
      >
        <a
          href="/"
        >
          <h2>
            Adaugeo cornu unus stultus studio audio decimus nobis vox.
          </h2>
        </a>
      </li>
      <li
        id="161acbc5-d6da-4210-b171-0c6b7777c6e0"
      >
        <a
          href="/"
        >
          <h2>
            Cornu damno doloremque vigilo adaugeo sunt vallum acsi enim comparo.
          </h2>
        </a>
      </li>
    </ul>
  </main>
</DocumentFragment>
`;
